// Jest Snapshot v1, https://goo.gl/fbAQLP

exports[`zip compresses consistently 1`] = `"QSBsaXR0bGUgYml0IG9mIGEgbG9uZyBzdHJpbmc="`;

exports[`zip compresses long strings with chars consistently 1`] = `"ZXhhbXBsZWNvbmZpZz0xJmxlbmd0aD0yMCZjb21tZW50MD0rJTNCxiArJTNEK29wZW4rdGhpcytwYWdlJmZ1bmMwPVNUUklORyZza2V5VmFsdWUwPSU2MMk4Jm9wdGlvbjA9T3BlbkPGE8dfMT0lMjIlM0JpbXBsaWVzJTIyK2lzK3JlcGxhY2VkK3dpdGgrYW4rYXJyb3fFbDHRbDE9ykAmaW5wdXQxPTB4MjE5Msd4MT1TZW5kVW5pY29kZUNoYXLIfTLHfWRlZ3JlZdh8xh4rc3ltYm9s5QCEMvEAhDLkAITGKeYAgzI9MHgwMGIw5wCDMvgAgzPnAINjaGVja/YAgivFHCttYXJrxX4z0X4zxH7FJsZ9M+QBADcxM8d9M9h9NMd9ZnJvd27XfXXGNyvFJOUAgDTxAIA05ACAxiHlAIA05ACANjM55wCANPgAgDXnAIBzbWls9wF/6QCAxSTlAIA18QCANeQAgMYh5QCANeYAgEHnAIA1+ACANucAgHRoZXRh9QCAJUNFJUI4xXc20Xc2xHfFPMZ3NuQB9DNCOMd3Nth3N8d3cGnXdEYlODDFdDfRdDfEdHBpxnE3xXFD6AJlN9hxOMdxY2VudPcDYyvFHOwC5TjRfDjEfMUoxn84xH8wQegDZzjYfznHf2RpY3TEfukERsQRaW9uYXkuY29txXU50XU5xHXEKSZXaW5kb3c5Pcg2csY3UHJvZ3JhbTk9aHR0cCUzQSUyRiUyRsslcmVmZXJlbmNlxC8lMkbnAK85PUFjdGl2YXRlT3LlBJhocm9tZekEmDA9U0hJRlQrJTJCK1doZWVs5QC3ZmFzdCtzY3JvbOYBJTEwPUtFWesEjDA9JTI0JTJCxTNE6QMSxBg3yhUrNSU3ROgEnjDlATjJeTE9xloxz1rkBSrJWlVwx1gxyVhVcM1W5gT1yVYyPUNUUkzlAM5BbHTFCGPlANLEIWFuZCtwcm9tcHTGezLJezEyJTVCJTVExT7OEkFMVOsAnjI9Y+cBoTEyPWFoa19leGUrY21kLmV4ZegBo8QlbWToAKEy7wGA6QCrM/IAq27lAKtub3RlcGFkJTJCJTJC5gCqM+oAqjPxAKrIEu4AqjM9bugAqjM9LStOzVXoAKozPc1t5QDG5wC4M/gAuDTyALhp5gFj5QJaKyUyOGludGVybmV0JTI55gDANOoAwDTxAMDIEu4AwDQ9aegAwDQ9LStHb29nbGUr5wK+6ADAND3GdewAuTT4ALk18gC5d+UAuVdvcmTmAKg16gCoNfEAqMgS7gCoNT136ACoNT0txkzoAJ81PVdJTldPUukCrjX4AJw28gCcZeUAnEV4Y2XnA4Q26gCdNvEAncgS7gCdNj1l6ACdNj0tx03oAJ42PWXEEOwBPDb4AKA36gCgU2hpZuYAouYJKXNlYXJjaOgBoWZvcit0aGUraGlnaGxpZ2h0ZWQrdGV45wNyN+oAwzfxAMPIEuUEkesAxTc9ZyZDb2TECSUwRCUwQeQD8iUyQyslNUVjxxJsZWVwKzUwxg5SdW7EH+0FKXd3dy5n5QCj5wUf5gC3JTNGcSUzRCUyNWNsaXBib2FyZCUyNcdHZXR1cm7oARs3PUN1c3RvbekBEzjyAbN25QERVmlzdWFsK1N0dWRpb+YA+DjqAPg48QD4yBLuAbs4PXboAbs4Pc5T6AHBOD1kZXZlbnbsAcI4+AHCOfIAr3DlAK9wdXR0eeYApznqAKc58QCnyBLuAKc5PXDoAKc56QURxVPtBRM5PUPkAYs1Q8cRK0ZpbGVz5AQseDg2JTI5xBp1VFRZJTVDyj3nANPwBsI="`;
